✅ 事件分析开始
== charts loaded: 9 ==
== charts by platform ==
QQ音乐 : 3
网易云音乐 : 3
酷狗音乐 : 3
✅ 事件分析完成
2026-01-25 榜单监测摘要（阈值：名次变化≥10）
- 覆盖榜单：9 个；今日产出事件：329 条
- 平台分布：网易云音乐:329
- 新进榜：135；掉出榜：135；暴涨：25；暴跌：34；Top10稳定：0；连续3天Top10：0
✅ 合并完成：2026-01-25 merged_event 写入 291 条（由 329 条 event 合并）
✅ Export done: /Users/ray/PycharmProjects/pythonProject-ray/MDLM1.0/frontend/data/merged_events_latest.json
[backfill] Missing days: 1
  - 2026-01-25

[backfill] Analyze 2026-01-25
[backfill] Merge 2026-01-25

[backfill] Export for frontend
[backfill] OK
✅ Export done: /Users/ray/PycharmProjects/pythonProject-ray/MDLM1.0/frontend/data/merged_events_latest.json
[backfill] No missing days in range 2026-01-25 ~ 2026-01-25.
✅ Export done: /Users/ray/PycharmProjects/pythonProject-ray/MDLM1.0/frontend/data/merged_events_latest.json
[backfill] No missing days in range 2026-01-25 ~ 2026-01-25.
✅ Export done: /Users/ray/PycharmProjects/pythonProject-ray/MDLM1.0/frontend/data/merged_events_latest.json
[backfill] No missing days in range 2026-01-25 ~ 2026-01-25.
✅ Export done: /Users/ray/PycharmProjects/pythonProject-ray/MDLM1.0/frontend/data/merged_events_latest.json
[backfill] No missing days in range 2026-01-25 ~ 2026-01-25.
