Requirement already satisfied: pip in ./.venv/lib/python3.9/site-packages (25.3)
Requirement already satisfied: httpx>=0.27.0 in ./.venv/lib/python3.9/site-packages (from -r /Users/ray/PycharmProjects/pythonProject-ray/MDLM1.0/backend/requirements.txt (line 1)) (0.28.1)
Requirement already satisfied: requests>=2.31.0 in ./.venv/lib/python3.9/site-packages (from -r /Users/ray/PycharmProjects/pythonProject-ray/MDLM1.0/backend/requirements.txt (line 2)) (2.32.5)
Requirement already satisfied: anyio in ./.venv/lib/python3.9/site-packages (from httpx>=0.27.0->-r /Users/ray/PycharmProjects/pythonProject-ray/MDLM1.0/backend/requirements.txt (line 1)) (4.12.1)
Requirement already satisfied: certifi in ./.venv/lib/python3.9/site-packages (from httpx>=0.27.0->-r /Users/ray/PycharmProjects/pythonProject-ray/MDLM1.0/backend/requirements.txt (line 1)) (2026.1.4)
Requirement already satisfied: httpcore==1.* in ./.venv/lib/python3.9/site-packages (from httpx>=0.27.0->-r /Users/ray/PycharmProjects/pythonProject-ray/MDLM1.0/backend/requirements.txt (line 1)) (1.0.9)
Requirement already satisfied: idna in ./.venv/lib/python3.9/site-packages (from httpx>=0.27.0->-r /Users/ray/PycharmProjects/pythonProject-ray/MDLM1.0/backend/requirements.txt (line 1)) (3.11)
Requirement already satisfied: h11>=0.16 in ./.venv/lib/python3.9/site-packages (from httpcore==1.*->httpx>=0.27.0->-r /Users/ray/PycharmProjects/pythonProject-ray/MDLM1.0/backend/requirements.txt (line 1)) (0.16.0)
Requirement already satisfied: charset_normalizer<4,>=2 in ./.venv/lib/python3.9/site-packages (from requests>=2.31.0->-r /Users/ray/PycharmProjects/pythonProject-ray/MDLM1.0/backend/requirements.txt (line 2)) (3.4.4)
Requirement already satisfied: urllib3<3,>=1.21.1 in ./.venv/lib/python3.9/site-packages (from requests>=2.31.0->-r /Users/ray/PycharmProjects/pythonProject-ray/MDLM1.0/backend/requirements.txt (line 2)) (2.6.3)
Requirement already satisfied: exceptiongroup>=1.0.2 in ./.venv/lib/python3.9/site-packages (from anyio->httpx>=0.27.0->-r /Users/ray/PycharmProjects/pythonProject-ray/MDLM1.0/backend/requirements.txt (line 1)) (1.3.1)
Requirement already satisfied: typing_extensions>=4.5 in ./.venv/lib/python3.9/site-packages (from anyio->httpx>=0.27.0->-r /Users/ray/PycharmProjects/pythonProject-ray/MDLM1.0/backend/requirements.txt (line 1)) (4.15.0)
Requirement already satisfied: pip in ./.venv/lib/python3.9/site-packages (25.3)
Requirement already satisfied: httpx>=0.27.0 in ./.venv/lib/python3.9/site-packages (from -r /Users/ray/PycharmProjects/pythonProject-ray/MDLM1.0/backend/requirements.txt (line 1)) (0.28.1)
Requirement already satisfied: requests>=2.31.0 in ./.venv/lib/python3.9/site-packages (from -r /Users/ray/PycharmProjects/pythonProject-ray/MDLM1.0/backend/requirements.txt (line 2)) (2.32.5)
Requirement already satisfied: anyio in ./.venv/lib/python3.9/site-packages (from httpx>=0.27.0->-r /Users/ray/PycharmProjects/pythonProject-ray/MDLM1.0/backend/requirements.txt (line 1)) (4.12.1)
Requirement already satisfied: certifi in ./.venv/lib/python3.9/site-packages (from httpx>=0.27.0->-r /Users/ray/PycharmProjects/pythonProject-ray/MDLM1.0/backend/requirements.txt (line 1)) (2026.1.4)
Requirement already satisfied: httpcore==1.* in ./.venv/lib/python3.9/site-packages (from httpx>=0.27.0->-r /Users/ray/PycharmProjects/pythonProject-ray/MDLM1.0/backend/requirements.txt (line 1)) (1.0.9)
Requirement already satisfied: idna in ./.venv/lib/python3.9/site-packages (from httpx>=0.27.0->-r /Users/ray/PycharmProjects/pythonProject-ray/MDLM1.0/backend/requirements.txt (line 1)) (3.11)
Requirement already satisfied: h11>=0.16 in ./.venv/lib/python3.9/site-packages (from httpcore==1.*->httpx>=0.27.0->-r /Users/ray/PycharmProjects/pythonProject-ray/MDLM1.0/backend/requirements.txt (line 1)) (0.16.0)
Requirement already satisfied: charset_normalizer<4,>=2 in ./.venv/lib/python3.9/site-packages (from requests>=2.31.0->-r /Users/ray/PycharmProjects/pythonProject-ray/MDLM1.0/backend/requirements.txt (line 2)) (3.4.4)
Requirement already satisfied: urllib3<3,>=1.21.1 in ./.venv/lib/python3.9/site-packages (from requests>=2.31.0->-r /Users/ray/PycharmProjects/pythonProject-ray/MDLM1.0/backend/requirements.txt (line 2)) (2.6.3)
Requirement already satisfied: exceptiongroup>=1.0.2 in ./.venv/lib/python3.9/site-packages (from anyio->httpx>=0.27.0->-r /Users/ray/PycharmProjects/pythonProject-ray/MDLM1.0/backend/requirements.txt (line 1)) (1.3.1)
Requirement already satisfied: typing_extensions>=4.5 in ./.venv/lib/python3.9/site-packages (from anyio->httpx>=0.27.0->-r /Users/ray/PycharmProjects/pythonProject-ray/MDLM1.0/backend/requirements.txt (line 1)) (4.15.0)
