==================== 2026-01-25 14:57:35 START ====================
2026-01-25 14:57:35 [INFO] PY=/Users/ray/PycharmProjects/pythonProject-ray/MDLM1.0/.venv/bin/python3.9
Python 3.9.6
2026-01-25 14:57:35 [STEP] ingest charts (run_daily.py)
2026-01-25 14:57:35 [OK]   ingest charts (run_daily.py)
2026-01-25 14:57:35 [STEP] backfill missing days (backfill_missing_days.py)
2026-01-25 14:57:36 [OK]   backfill missing days (backfill_missing_days.py)
2026-01-25 14:57:36 [OK] all done
==================== 2026-01-25 16:55:34 START ====================
2026-01-25 16:55:34 [INFO] PY=/Users/ray/PycharmProjects/pythonProject-ray/MDLM1.0/.venv/bin/python3.9
Python 3.9.6
2026-01-25 16:55:34 [STEP] ingest charts (run_daily.py)
2026-01-25 16:55:35 [OK]   ingest charts (run_daily.py)
2026-01-25 16:55:35 [STEP] backfill missing days (backfill_missing_days.py)
2026-01-25 16:55:35 [OK]   backfill missing days (backfill_missing_days.py)
2026-01-25 16:55:35 [OK] all done
==================== 2026-01-25 21:06:11 START ====================
2026-01-25 21:06:11 [INFO] PY=/Users/ray/PycharmProjects/pythonProject-ray/MDLM1.0/.venv/bin/python3.9
Python 3.9.6
2026-01-25 21:06:11 [STEP] ingest charts (run_daily.py)
2026-01-25 21:06:12 [OK]   ingest charts (run_daily.py)
2026-01-25 21:06:12 [STEP] backfill missing days (backfill_missing_days.py)
2026-01-25 21:06:12 [OK]   backfill missing days (backfill_missing_days.py)
2026-01-25 21:06:12 [OK] all done
==================== 2026-01-25 21:52:44 START ====================
2026-01-25 21:52:44 [INFO] PY=/Users/ray/PycharmProjects/pythonProject-ray/MDLM1.0/.venv/bin/python3.9
Python 3.9.6
2026-01-25 21:52:44 [STEP] ingest charts (run_daily.py)
2026-01-25 21:52:45 [OK]   ingest charts (run_daily.py)
2026-01-25 21:52:45 [STEP] backfill missing days (backfill_missing_days.py)
2026-01-25 21:52:45 [OK]   backfill missing days (backfill_missing_days.py)
2026-01-25 21:52:45 [OK] all done
==================== 2026-01-25 21:58:19 START ====================
2026-01-25 21:58:19 [INFO] PY=/Users/ray/PycharmProjects/pythonProject-ray/MDLM1.0/.venv/bin/python3.9
Python 3.9.6
2026-01-25 21:58:19 [STEP] ingest charts (run_daily.py)
2026-01-25 21:58:20 [OK]   ingest charts (run_daily.py)
2026-01-25 21:58:20 [STEP] backfill missing days (backfill_missing_days.py)
2026-01-25 21:58:20 [OK]   backfill missing days (backfill_missing_days.py)
2026-01-25 21:58:20 [OK] all done
